Server is running on http://localhost:5000
Γ£à Database connected
Γ£à Ensured restaurants.restaurant_logo_url is TEXT (base64 images safe to store)
Γ£à Ensured orders.department and orders.course columns exist
Γ£à Ensured menu_items.half_price and menu_items.large_price columns exist
Γ£à Ensured menu_items.daily_stock and menu_items.current_stock columns exist
Γ£à Ensured budget_meal_combinations and budget_meal_options tables exist
Γ£à Database seeded successfully
ΓÅ░ Next stock reset scheduled in 533 minutes (at midnight)
